7214:C 18 Jul 2025 17:02:34.676 # oO0OoO0OoO0Oo Redis is starting oO0OoO0OoO0Oo
7214:C 18 Jul 2025 17:02:34.677 # Redis version=6.0.16, bits=64, commit=00000000, modified=0, pid=7214, just started
7214:C 18 Jul 2025 17:02:34.677 # Warning: no config file specified, using the default config. In order to specify a config file use redis-server /path/to/redis.conf
7214:M 18 Jul 2025 17:02:34.680 * Running mode=standalone, port=6379.
7214:M 18 Jul 2025 17:02:34.680 # Server initialized
7214:M 18 Jul 2025 17:02:34.680 # WARNING overcommit_memory is set to 0! Background save may fail under low memory condition. To fix this issue add 'vm.overcommit_memory = 1' to /etc/sysctl.conf and then reboot or run the command 'sysctl vm.overcommit_memory=1' for this to take effect.
7214:M 18 Jul 2025 17:02:34.681 * Ready to accept connections
8829:C 18 Jul 2025 17:05:30.600 # oO0OoO0OoO0Oo Redis is starting oO0OoO0OoO0Oo
8829:C 18 Jul 2025 17:05:30.600 # Redis version=6.0.16, bits=64, commit=00000000, modified=0, pid=8829, just started
8829:C 18 Jul 2025 17:05:30.600 # Warning: no config file specified, using the default config. In order to specify a config file use redis-server /path/to/redis.conf
8829:M 18 Jul 2025 17:05:30.602 * Running mode=standalone, port=6379.
8829:M 18 Jul 2025 17:05:30.602 # Server initialized
8829:M 18 Jul 2025 17:05:30.602 # WARNING overcommit_memory is set to 0! Background save may fail under low memory condition. To fix this issue add 'vm.overcommit_memory = 1' to /etc/sysctl.conf and then reboot or run the command 'sysctl vm.overcommit_memory=1' for this to take effect.
8829:M 18 Jul 2025 17:05:30.603 * Ready to accept connections
15071:C 18 Jul 2025 17:35:41.702 # oO0OoO0OoO0Oo Redis is starting oO0OoO0OoO0Oo
15071:C 18 Jul 2025 17:35:41.703 # Redis version=6.0.16, bits=64, commit=00000000, modified=0, pid=15071, just started
15071:C 18 Jul 2025 17:35:41.703 # Warning: no config file specified, using the default config. In order to specify a config file use redis-server /path/to/redis.conf
15071:M 18 Jul 2025 17:35:41.704 * Running mode=standalone, port=6379.
15071:M 18 Jul 2025 17:35:41.704 # Server initialized
15071:M 18 Jul 2025 17:35:41.704 # WARNING overcommit_memory is set to 0! Background save may fail under low memory condition. To fix this issue add 'vm.overcommit_memory = 1' to /etc/sysctl.conf and then reboot or run the command 'sysctl vm.overcommit_memory=1' for this to take effect.
15071:M 18 Jul 2025 17:35:41.706 * Ready to accept connections
15071:M 18 Jul 2025 18:35:42.069 * 1 changes in 3600 seconds. Saving...
15071:M 18 Jul 2025 18:35:42.071 * Background saving started by pid 28061
28061:C 18 Jul 2025 18:35:42.078 * DB saved on disk
28061:C 18 Jul 2025 18:35:42.079 * RDB: 0 MB of memory used by copy-on-write
15071:M 18 Jul 2025 18:35:42.172 * Background saving terminated with success
446:C 24 Jul 2025 09:16:36.749 # oO0OoO0OoO0Oo Redis is starting oO0OoO0OoO0Oo
446:C 24 Jul 2025 09:16:36.749 # Redis version=6.0.16, bits=64, commit=00000000, modified=0, pid=446, just started
446:C 24 Jul 2025 09:16:36.749 # Warning: no config file specified, using the default config. In order to specify a config file use redis-server /path/to/redis.conf
446:M 24 Jul 2025 09:16:36.756 * Running mode=standalone, port=6379.
446:M 24 Jul 2025 09:16:36.756 # Server initialized
446:M 24 Jul 2025 09:16:36.756 # WARNING overcommit_memory is set to 0! Background save may fail under low memory condition. To fix this issue add 'vm.overcommit_memory = 1' to /etc/sysctl.conf and then reboot or run the command 'sysctl vm.overcommit_memory=1' for this to take effect.
446:M 24 Jul 2025 09:16:36.758 * Loading RDB produced by version 6.0.16
446:M 24 Jul 2025 09:16:36.758 * RDB age 484854 seconds
446:M 24 Jul 2025 09:16:36.758 * RDB memory usage when created 0.77 Mb
446:M 24 Jul 2025 09:16:36.759 * DB loaded from disk: 0.002 seconds
446:M 24 Jul 2025 09:16:36.759 * Ready to accept connections
446:M 24 Jul 2025 09:16:42.990 # Possible SECURITY ATTACK detected. It looks like somebody is sending POST or Host: commands to Redis. This is likely due to an attacker attempting to use Cross Protocol Scripting to compromise your Redis instance. Connection aborted.
5386:C 24 Jul 2025 09:30:11.387 # oO0OoO0OoO0Oo Redis is starting oO0OoO0OoO0Oo
5386:C 24 Jul 2025 09:30:11.388 # Redis version=6.0.16, bits=64, commit=00000000, modified=0, pid=5386, just started
5386:C 24 Jul 2025 09:30:11.388 # Warning: no config file specified, using the default config. In order to specify a config file use redis-server /path/to/redis.conf
5386:M 24 Jul 2025 09:30:11.390 * Running mode=standalone, port=6379.
5386:M 24 Jul 2025 09:30:11.390 # Server initialized
5386:M 24 Jul 2025 09:30:11.390 # WARNING overcommit_memory is set to 0! Background save may fail under low memory condition. To fix this issue add 'vm.overcommit_memory = 1' to /etc/sysctl.conf and then reboot or run the command 'sysctl vm.overcommit_memory=1' for this to take effect.
5386:M 24 Jul 2025 09:30:11.391 * Loading RDB produced by version 6.0.16
5386:M 24 Jul 2025 09:30:11.391 * RDB age 485669 seconds
5386:M 24 Jul 2025 09:30:11.391 * RDB memory usage when created 0.77 Mb
5386:M 24 Jul 2025 09:30:11.391 * DB loaded from disk: 0.001 seconds
5386:M 24 Jul 2025 09:30:11.391 * Ready to accept connections
16453:C 24 Jul 2025 10:04:53.550 # oO0OoO0OoO0Oo Redis is starting oO0OoO0OoO0Oo
16453:C 24 Jul 2025 10:04:53.551 # Redis version=6.0.16, bits=64, commit=00000000, modified=0, pid=16453, just started
16453:C 24 Jul 2025 10:04:53.551 # Warning: no config file specified, using the default config. In order to specify a config file use redis-server /path/to/redis.conf
16453:M 24 Jul 2025 10:04:53.552 # Could not create server TCP listening socket *:6379: bind: Address already in use
17081:C 24 Jul 2025 10:06:44.080 # oO0OoO0OoO0Oo Redis is starting oO0OoO0OoO0Oo
17081:C 24 Jul 2025 10:06:44.080 # Redis version=6.0.16, bits=64, commit=00000000, modified=0, pid=17081, just started
17081:C 24 Jul 2025 10:06:44.080 # Warning: no config file specified, using the default config. In order to specify a config file use redis-server /path/to/redis.conf
17081:M 24 Jul 2025 10:06:44.083 * Running mode=standalone, port=6379.
17081:M 24 Jul 2025 10:06:44.083 # Server initialized
17081:M 24 Jul 2025 10:06:44.083 # WARNING overcommit_memory is set to 0! Background save may fail under low memory condition. To fix this issue add 'vm.overcommit_memory = 1' to /etc/sysctl.conf and then reboot or run the command 'sysctl vm.overcommit_memory=1' for this to take effect.
17081:M 24 Jul 2025 10:06:44.085 * Loading RDB produced by version 6.0.16
17081:M 24 Jul 2025 10:06:44.085 * RDB age 487862 seconds
17081:M 24 Jul 2025 10:06:44.085 * RDB memory usage when created 0.77 Mb
17081:M 24 Jul 2025 10:06:44.085 * DB loaded from disk: 0.001 seconds
17081:M 24 Jul 2025 10:06:44.085 * Ready to accept connections
17577:C 24 Jul 2025 10:08:01.944 # oO0OoO0OoO0Oo Redis is starting oO0OoO0OoO0Oo
17577:C 24 Jul 2025 10:08:01.944 # Redis version=6.0.16, bits=64, commit=00000000, modified=0, pid=17577, just started
17577:C 24 Jul 2025 10:08:01.944 # Warning: no config file specified, using the default config. In order to specify a config file use redis-server /path/to/redis.conf
17577:M 24 Jul 2025 10:08:01.946 * Running mode=standalone, port=6379.
17577:M 24 Jul 2025 10:08:01.946 # Server initialized
17577:M 24 Jul 2025 10:08:01.946 # WARNING overcommit_memory is set to 0! Background save may fail under low memory condition. To fix this issue add 'vm.overcommit_memory = 1' to /etc/sysctl.conf and then reboot or run the command 'sysctl vm.overcommit_memory=1' for this to take effect.
17577:M 24 Jul 2025 10:08:01.946 * Loading RDB produced by version 6.0.16
17577:M 24 Jul 2025 10:08:01.947 * RDB age 487939 seconds
17577:M 24 Jul 2025 10:08:01.947 * RDB memory usage when created 0.77 Mb
17577:M 24 Jul 2025 10:08:01.947 * DB loaded from disk: 0.000 seconds
17577:M 24 Jul 2025 10:08:01.947 * Ready to accept connections
27597:C 24 Jul 2025 10:47:17.764 # oO0OoO0OoO0Oo Redis is starting oO0OoO0OoO0Oo
27597:C 24 Jul 2025 10:47:17.764 # Redis version=6.0.16, bits=64, commit=00000000, modified=0, pid=27597, just started
27597:C 24 Jul 2025 10:47:17.764 # Warning: no config file specified, using the default config. In order to specify a config file use redis-server /path/to/redis.conf
27597:M 24 Jul 2025 10:47:17.770 * Running mode=standalone, port=6379.
27597:M 24 Jul 2025 10:47:17.770 # Server initialized
27597:M 24 Jul 2025 10:47:17.770 # WARNING overcommit_memory is set to 0! Background save may fail under low memory condition. To fix this issue add 'vm.overcommit_memory = 1' to /etc/sysctl.conf and then reboot or run the command 'sysctl vm.overcommit_memory=1' for this to take effect.
27597:M 24 Jul 2025 10:47:17.771 * Loading RDB produced by version 6.0.16
27597:M 24 Jul 2025 10:47:17.771 * RDB age 490295 seconds
27597:M 24 Jul 2025 10:47:17.771 * RDB memory usage when created 0.77 Mb
27597:M 24 Jul 2025 10:47:17.771 * DB loaded from disk: 0.000 seconds
27597:M 24 Jul 2025 10:47:17.771 * Ready to accept connections
27597:M 24 Jul 2025 11:47:18.026 * 1 changes in 3600 seconds. Saving...
27597:M 24 Jul 2025 11:47:18.030 * Background saving started by pid 13568
13568:C 24 Jul 2025 11:47:18.039 * DB saved on disk
13568:C 24 Jul 2025 11:47:18.041 * RDB: 0 MB of memory used by copy-on-write
27597:M 24 Jul 2025 11:47:18.131 * Background saving terminated with success
191:C 24 Jul 2025 11:49:22.573 # oO0OoO0OoO0Oo Redis is starting oO0OoO0OoO0Oo
191:C 24 Jul 2025 11:49:22.574 # Redis version=6.0.16, bits=64, commit=00000000, modified=0, pid=191, just started
191:C 24 Jul 2025 11:49:22.574 # Warning: no config file specified, using the default config. In order to specify a config file use redis-server /path/to/redis.conf
191:M 24 Jul 2025 11:49:22.577 * Running mode=standalone, port=6379.
191:M 24 Jul 2025 11:49:22.578 # Server initialized
191:M 24 Jul 2025 11:49:22.578 # WARNING overcommit_memory is set to 0! Background save may fail under low memory condition. To fix this issue add 'vm.overcommit_memory = 1' to /etc/sysctl.conf and then reboot or run the command 'sysctl vm.overcommit_memory=1' for this to take effect.
191:M 24 Jul 2025 11:49:22.580 * Loading RDB produced by version 6.0.16
191:M 24 Jul 2025 11:49:22.580 * RDB age 124 seconds
191:M 24 Jul 2025 11:49:22.580 * RDB memory usage when created 0.77 Mb
191:M 24 Jul 2025 11:49:22.580 * DB loaded from disk: 0.001 seconds
191:M 24 Jul 2025 11:49:22.580 * Ready to accept connections
191:M 24 Jul 2025 12:49:23.057 * 1 changes in 3600 seconds. Saving...
191:M 24 Jul 2025 12:49:23.060 * Background saving started by pid 13383
13383:C 24 Jul 2025 12:49:23.067 * DB saved on disk
13383:C 24 Jul 2025 12:49:23.068 * RDB: 0 MB of memory used by copy-on-write
191:M 24 Jul 2025 12:49:23.161 * Background saving terminated with success
191:M 24 Jul 2025 13:49:24.092 * 1 changes in 3600 seconds. Saving...
191:M 24 Jul 2025 13:49:24.093 * Background saving started by pid 25204
25204:C 24 Jul 2025 13:49:24.101 * DB saved on disk
25204:C 24 Jul 2025 13:49:24.101 * RDB: 0 MB of memory used by copy-on-write
191:M 24 Jul 2025 13:49:24.194 * Background saving terminated with success
191:M 24 Jul 2025 15:25:44.300 * 1 changes in 3600 seconds. Saving...
191:M 24 Jul 2025 15:25:44.303 * Background saving started by pid 14127
14127:C 24 Jul 2025 15:25:44.310 * DB saved on disk
14127:C 24 Jul 2025 15:25:44.312 * RDB: 0 MB of memory used by copy-on-write
191:M 24 Jul 2025 15:25:44.404 * Background saving terminated with success
8927:C 24 Jul 2025 17:37:24.729 # oO0OoO0OoO0Oo Redis is starting oO0OoO0OoO0Oo
8927:C 24 Jul 2025 17:37:24.730 # Redis version=6.0.16, bits=64, commit=00000000, modified=0, pid=8927, just started
8927:C 24 Jul 2025 17:37:24.730 # Warning: no config file specified, using the default config. In order to specify a config file use redis-server /path/to/redis.conf
8927:M 24 Jul 2025 17:37:24.735 * Running mode=standalone, port=6379.
8927:M 24 Jul 2025 17:37:24.735 # Server initialized
8927:M 24 Jul 2025 17:37:24.735 # WARNING overcommit_memory is set to 0! Background save may fail under low memory condition. To fix this issue add 'vm.overcommit_memory = 1' to /etc/sysctl.conf and then reboot or run the command 'sysctl vm.overcommit_memory=1' for this to take effect.
8927:M 24 Jul 2025 17:37:24.737 * Loading RDB produced by version 6.0.16
8927:M 24 Jul 2025 17:37:24.737 * RDB age 7900 seconds
8927:M 24 Jul 2025 17:37:24.737 * RDB memory usage when created 0.79 Mb
8927:M 24 Jul 2025 17:37:24.738 * DB loaded from disk: 0.002 seconds
8927:M 24 Jul 2025 17:37:24.738 * Ready to accept connections
20789:C 24 Jul 2025 18:15:48.873 # oO0OoO0OoO0Oo Redis is starting oO0OoO0OoO0Oo
20789:C 24 Jul 2025 18:15:48.873 # Redis version=6.0.16, bits=64, commit=00000000, modified=0, pid=20789, just started
20789:C 24 Jul 2025 18:15:48.873 # Warning: no config file specified, using the default config. In order to specify a config file use redis-server /path/to/redis.conf
20789:M 24 Jul 2025 18:15:48.875 * Running mode=standalone, port=6379.
20789:M 24 Jul 2025 18:15:48.875 # Server initialized
20789:M 24 Jul 2025 18:15:48.875 # WARNING overcommit_memory is set to 0! Background save may fail under low memory condition. To fix this issue add 'vm.overcommit_memory = 1' to /etc/sysctl.conf and then reboot or run the command 'sysctl vm.overcommit_memory=1' for this to take effect.
20789:M 24 Jul 2025 18:15:48.876 * Loading RDB produced by version 6.0.16
20789:M 24 Jul 2025 18:15:48.876 * RDB age 10204 seconds
20789:M 24 Jul 2025 18:15:48.876 * RDB memory usage when created 0.79 Mb
20789:M 24 Jul 2025 18:15:48.876 * DB loaded from disk: 0.000 seconds
20789:M 24 Jul 2025 18:15:48.876 * Ready to accept connections
20789:M 25 Jul 2025 09:06:46.220 * 1 changes in 3600 seconds. Saving...
20789:M 25 Jul 2025 09:06:46.222 * Background saving started by pid 1185
1185:C 25 Jul 2025 09:06:46.230 * DB saved on disk
1185:C 25 Jul 2025 09:06:46.232 * RDB: 0 MB of memory used by copy-on-write
20789:M 25 Jul 2025 09:06:46.322 * Background saving terminated with success
20789:M 25 Jul 2025 10:27:25.816 * 1 changes in 3600 seconds. Saving...
20789:M 25 Jul 2025 10:27:25.818 * Background saving started by pid 22285
22285:C 25 Jul 2025 10:27:25.825 * DB saved on disk
22285:C 25 Jul 2025 10:27:25.826 * RDB: 0 MB of memory used by copy-on-write
20789:M 25 Jul 2025 10:27:25.919 * Background saving terminated with success
20789:M 25 Jul 2025 11:27:26.008 * 1 changes in 3600 seconds. Saving...
20789:M 25 Jul 2025 11:27:26.010 * Background saving started by pid 6589
6589:C 25 Jul 2025 11:27:26.016 * DB saved on disk
6589:C 25 Jul 2025 11:27:26.017 * RDB: 0 MB of memory used by copy-on-write
20789:M 25 Jul 2025 11:27:26.111 * Background saving terminated with success
20789:M 25 Jul 2025 12:27:27.004 * 1 changes in 3600 seconds. Saving...
20789:M 25 Jul 2025 12:27:27.005 * Background saving started by pid 27260
27260:C 25 Jul 2025 12:27:27.013 * DB saved on disk
27260:C 25 Jul 2025 12:27:27.015 * RDB: 0 MB of memory used by copy-on-write
20789:M 25 Jul 2025 12:27:27.106 * Background saving terminated with success
30774:C 28 Jul 2025 12:16:57.044 # oO0OoO0OoO0Oo Redis is starting oO0OoO0OoO0Oo
30774:C 28 Jul 2025 12:16:57.044 # Redis version=6.0.16, bits=64, commit=00000000, modified=0, pid=30774, just started
30774:C 28 Jul 2025 12:16:57.044 # Warning: no config file specified, using the default config. In order to specify a config file use redis-server /path/to/redis.conf
30774:M 28 Jul 2025 12:16:57.049 * Running mode=standalone, port=6379.
30774:M 28 Jul 2025 12:16:57.050 # Server initialized
30774:M 28 Jul 2025 12:16:57.050 # WARNING overcommit_memory is set to 0! Background save may fail under low memory condition. To fix this issue add 'vm.overcommit_memory = 1' to /etc/sysctl.conf and then reboot or run the command 'sysctl vm.overcommit_memory=1' for this to take effect.
30774:M 28 Jul 2025 12:16:57.051 * Loading RDB produced by version 6.0.16
30774:M 28 Jul 2025 12:16:57.051 * RDB age 258570 seconds
30774:M 28 Jul 2025 12:16:57.051 * RDB memory usage when created 0.77 Mb
30774:M 28 Jul 2025 12:16:57.052 * DB loaded from disk: 0.002 seconds
30774:M 28 Jul 2025 12:16:57.052 * Ready to accept connections
30832:C 28 Jul 2025 12:17:03.635 # oO0OoO0OoO0Oo Redis is starting oO0OoO0OoO0Oo
30832:C 28 Jul 2025 12:17:03.635 # Redis version=6.0.16, bits=64, commit=00000000, modified=0, pid=30832, just started
30832:C 28 Jul 2025 12:17:03.635 # Warning: no config file specified, using the default config. In order to specify a config file use redis-server /path/to/redis.conf
30832:M 28 Jul 2025 12:17:03.636 # Could not create server TCP listening socket *:6379: bind: Address already in use
30774:M 28 Jul 2025 13:16:58.039 * 1 changes in 3600 seconds. Saving...
30774:M 28 Jul 2025 13:16:58.041 * Background saving started by pid 9718
9718:C 28 Jul 2025 13:16:58.051 * DB saved on disk
9718:C 28 Jul 2025 13:16:58.052 * RDB: 0 MB of memory used by copy-on-write
30774:M 28 Jul 2025 13:16:58.142 * Background saving terminated with success
30774:M 28 Jul 2025 14:16:59.042 * 1 changes in 3600 seconds. Saving...
30774:M 28 Jul 2025 14:16:59.045 * Background saving started by pid 28214
28214:C 28 Jul 2025 14:16:59.055 * DB saved on disk
28214:C 28 Jul 2025 14:16:59.056 * RDB: 0 MB of memory used by copy-on-write
30774:M 28 Jul 2025 14:16:59.146 * Background saving terminated with success
30774:M 28 Jul 2025 15:17:00.091 * 1 changes in 3600 seconds. Saving...
30774:M 28 Jul 2025 15:17:00.093 * Background saving started by pid 16244
16244:C 28 Jul 2025 15:17:00.100 * DB saved on disk
16244:C 28 Jul 2025 15:17:00.101 * RDB: 0 MB of memory used by copy-on-write
30774:M 28 Jul 2025 15:17:00.193 * Background saving terminated with success
1188:C 28 Jul 2025 16:36:20.787 # oO0OoO0OoO0Oo Redis is starting oO0OoO0OoO0Oo
1188:C 28 Jul 2025 16:36:20.787 # Redis version=6.0.16, bits=64, commit=00000000, modified=0, pid=1188, just started
1188:C 28 Jul 2025 16:36:20.787 # Warning: no config file specified, using the default config. In order to specify a config file use redis-server /path/to/redis.conf
1188:M 28 Jul 2025 16:36:20.791 * Running mode=standalone, port=6379.
1188:M 28 Jul 2025 16:36:20.791 # Server initialized
1188:M 28 Jul 2025 16:36:20.791 # WARNING overcommit_memory is set to 0! Background save may fail under low memory condition. To fix this issue add 'vm.overcommit_memory = 1' to /etc/sysctl.conf and then reboot or run the command 'sysctl vm.overcommit_memory=1' for this to take effect.
1188:M 28 Jul 2025 16:36:20.793 * Loading RDB produced by version 6.0.16
1188:M 28 Jul 2025 16:36:20.793 * RDB age 4760 seconds
1188:M 28 Jul 2025 16:36:20.793 * RDB memory usage when created 0.80 Mb
1188:M 28 Jul 2025 16:36:20.794 * DB loaded from disk: 0.002 seconds
1188:M 28 Jul 2025 16:36:20.794 * Ready to accept connections
1188:M 28 Jul 2025 17:36:21.040 * 1 changes in 3600 seconds. Saving...
1188:M 28 Jul 2025 17:36:21.043 * Background saving started by pid 15463
15463:C 28 Jul 2025 17:36:21.050 * DB saved on disk
15463:C 28 Jul 2025 17:36:21.051 * RDB: 0 MB of memory used by copy-on-write
1188:M 28 Jul 2025 17:36:21.144 * Background saving terminated with success
1188:M 28 Jul 2025 18:36:22.090 * 1 changes in 3600 seconds. Saving...
1188:M 28 Jul 2025 18:36:22.092 * Background saving started by pid 4211
4211:C 28 Jul 2025 18:36:22.100 * DB saved on disk
4211:C 28 Jul 2025 18:36:22.101 * RDB: 0 MB of memory used by copy-on-write
1188:M 28 Jul 2025 18:36:22.192 * Background saving terminated with success
478:C 29 Jul 2025 11:28:29.644 # oO0OoO0OoO0Oo Redis is starting oO0OoO0OoO0Oo
478:C 29 Jul 2025 11:28:29.645 # Redis version=6.0.16, bits=64, commit=00000000, modified=0, pid=478, just started
478:C 29 Jul 2025 11:28:29.645 # Warning: no config file specified, using the default config. In order to specify a config file use redis-server /path/to/redis.conf
478:M 29 Jul 2025 11:28:29.650 * Running mode=standalone, port=6379.
478:M 29 Jul 2025 11:28:29.650 # Server initialized
478:M 29 Jul 2025 11:28:29.650 # WARNING overcommit_memory is set to 0! Background save may fail under low memory condition. To fix this issue add 'vm.overcommit_memory = 1' to /etc/sysctl.conf and then reboot or run the command 'sysctl vm.overcommit_memory=1' for this to take effect.
478:M 29 Jul 2025 11:28:29.652 * Loading RDB produced by version 6.0.16
478:M 29 Jul 2025 11:28:29.653 * RDB age 60727 seconds
478:M 29 Jul 2025 11:28:29.653 * RDB memory usage when created 0.80 Mb
478:M 29 Jul 2025 11:28:29.653 * DB loaded from disk: 0.002 seconds
478:M 29 Jul 2025 11:28:29.653 * Ready to accept connections
478:M 29 Jul 2025 12:28:30.069 * 1 changes in 3600 seconds. Saving...
478:M 29 Jul 2025 12:28:30.074 * Background saving started by pid 17002
17002:C 29 Jul 2025 12:28:30.085 * DB saved on disk
17002:C 29 Jul 2025 12:28:30.086 * RDB: 0 MB of memory used by copy-on-write
478:M 29 Jul 2025 12:28:30.175 * Background saving terminated with success
1694:C 29 Jul 2025 19:38:00.842 # oO0OoO0OoO0Oo Redis is starting oO0OoO0OoO0Oo
1694:C 29 Jul 2025 19:38:00.842 # Redis version=6.0.16, bits=64, commit=00000000, modified=0, pid=1694, just started
1694:C 29 Jul 2025 19:38:00.842 # Warning: no config file specified, using the default config. In order to specify a config file use redis-server /path/to/redis.conf
1694:M 29 Jul 2025 19:38:00.846 * Running mode=standalone, port=6379.
1694:M 29 Jul 2025 19:38:00.846 # Server initialized
1694:M 29 Jul 2025 19:38:00.846 # WARNING overcommit_memory is set to 0! Background save may fail under low memory condition. To fix this issue add 'vm.overcommit_memory = 1' to /etc/sysctl.conf and then reboot or run the command 'sysctl vm.overcommit_memory=1' for this to take effect.
1694:M 29 Jul 2025 19:38:00.848 * Loading RDB produced by version 6.0.16
1694:M 29 Jul 2025 19:38:00.848 * RDB age 25770 seconds
1694:M 29 Jul 2025 19:38:00.848 * RDB memory usage when created 0.78 Mb
1694:M 29 Jul 2025 19:38:00.849 * DB loaded from disk: 0.002 seconds
1694:M 29 Jul 2025 19:38:00.849 * Ready to accept connections
1694:M 29 Jul 2025 20:38:01.015 * 1 changes in 3600 seconds. Saving...
1694:M 29 Jul 2025 20:38:01.017 * Background saving started by pid 19530
19530:C 29 Jul 2025 20:38:01.026 * DB saved on disk
19530:C 29 Jul 2025 20:38:01.027 * RDB: 0 MB of memory used by copy-on-write
1694:M 29 Jul 2025 20:38:01.118 * Background saving terminated with success
503:C 30 Jul 2025 10:02:58.660 # oO0OoO0OoO0Oo Redis is starting oO0OoO0OoO0Oo
503:C 30 Jul 2025 10:02:58.661 # Redis version=6.0.16, bits=64, commit=00000000, modified=0, pid=503, just started
503:C 30 Jul 2025 10:02:58.661 # Warning: no config file specified, using the default config. In order to specify a config file use redis-server /path/to/redis.conf
503:M 30 Jul 2025 10:02:58.666 * Running mode=standalone, port=6379.
503:M 30 Jul 2025 10:02:58.666 # Server initialized
503:M 30 Jul 2025 10:02:58.666 # WARNING overcommit_memory is set to 0! Background save may fail under low memory condition. To fix this issue add 'vm.overcommit_memory = 1' to /etc/sysctl.conf and then reboot or run the command 'sysctl vm.overcommit_memory=1' for this to take effect.
503:M 30 Jul 2025 10:02:58.669 * Loading RDB produced by version 6.0.16
503:M 30 Jul 2025 10:02:58.669 * RDB age 48297 seconds
503:M 30 Jul 2025 10:02:58.669 * RDB memory usage when created 0.78 Mb
503:M 30 Jul 2025 10:02:58.670 * DB loaded from disk: 0.002 seconds
503:M 30 Jul 2025 10:02:58.670 * Ready to accept connections
503:M 30 Jul 2025 11:02:59.059 * 1 changes in 3600 seconds. Saving...
503:M 30 Jul 2025 11:02:59.060 * Background saving started by pid 17446
17446:C 30 Jul 2025 11:02:59.071 * DB saved on disk
17446:C 30 Jul 2025 11:02:59.072 * RDB: 0 MB of memory used by copy-on-write
503:M 30 Jul 2025 11:02:59.161 * Background saving terminated with success
5426:C 01 Aug 2025 09:36:37.092 # oO0OoO0OoO0Oo Redis is starting oO0OoO0OoO0Oo
5426:C 01 Aug 2025 09:36:37.093 # Redis version=6.0.16, bits=64, commit=00000000, modified=0, pid=5426, just started
5426:C 01 Aug 2025 09:36:37.093 # Warning: no config file specified, using the default config. In order to specify a config file use redis-server /path/to/redis.conf
5426:M 01 Aug 2025 09:36:37.098 * Running mode=standalone, port=6379.
5426:M 01 Aug 2025 09:36:37.098 # Server initialized
5426:M 01 Aug 2025 09:36:37.098 # WARNING overcommit_memory is set to 0! Background save may fail under low memory condition. To fix this issue add 'vm.overcommit_memory = 1' to /etc/sysctl.conf and then reboot or run the command 'sysctl vm.overcommit_memory=1' for this to take effect.
5426:M 01 Aug 2025 09:36:37.099 * Loading RDB produced by version 6.0.16
5426:M 01 Aug 2025 09:36:37.099 * RDB age 167618 seconds
5426:M 01 Aug 2025 09:36:37.099 * RDB memory usage when created 0.78 Mb
5426:M 01 Aug 2025 09:36:37.100 * DB loaded from disk: 0.001 seconds
5426:M 01 Aug 2025 09:36:37.100 * Ready to accept connections
5426:M 01 Aug 2025 10:36:38.009 * 1 changes in 3600 seconds. Saving...
5426:M 01 Aug 2025 10:36:38.011 * Background saving started by pid 16778
16778:C 01 Aug 2025 10:36:38.021 * DB saved on disk
16778:C 01 Aug 2025 10:36:38.023 * RDB: 0 MB of memory used by copy-on-write
5426:M 01 Aug 2025 10:36:38.112 * Background saving terminated with success
1492:C 01 Aug 2025 12:50:42.575 # oO0OoO0OoO0Oo Redis is starting oO0OoO0OoO0Oo
1492:C 01 Aug 2025 12:50:42.576 # Redis version=6.0.16, bits=64, commit=00000000, modified=0, pid=1492, just started
1492:C 01 Aug 2025 12:50:42.576 # Warning: no config file specified, using the default config. In order to specify a config file use redis-server /path/to/redis.conf
1492:M 01 Aug 2025 12:50:42.580 * Running mode=standalone, port=6379.
1492:M 01 Aug 2025 12:50:42.580 # Server initialized
1492:M 01 Aug 2025 12:50:42.580 # WARNING overcommit_memory is set to 0! Background save may fail under low memory condition. To fix this issue add 'vm.overcommit_memory = 1' to /etc/sysctl.conf and then reboot or run the command 'sysctl vm.overcommit_memory=1' for this to take effect.
1492:M 01 Aug 2025 12:50:42.581 * Loading RDB produced by version 6.0.16
1492:M 01 Aug 2025 12:50:42.581 * RDB age 8044 seconds
1492:M 01 Aug 2025 12:50:42.582 * RDB memory usage when created 0.80 Mb
1492:M 01 Aug 2025 12:50:42.582 * DB loaded from disk: 0.002 seconds
1492:M 01 Aug 2025 12:50:42.582 * Ready to accept connections
9798:C 01 Aug 2025 13:23:20.643 # oO0OoO0OoO0Oo Redis is starting oO0OoO0OoO0Oo
9798:C 01 Aug 2025 13:23:20.644 # Redis version=6.0.16, bits=64, commit=00000000, modified=0, pid=9798, just started
9798:C 01 Aug 2025 13:23:20.644 # Warning: no config file specified, using the default config. In order to specify a config file use redis-server /path/to/redis.conf
9798:M 01 Aug 2025 13:23:20.646 # Could not create server TCP listening socket *:6379: bind: Address already in use
1492:M 01 Aug 2025 13:50:43.015 * 1 changes in 3600 seconds. Saving...
1492:M 01 Aug 2025 13:50:43.019 * Background saving started by pid 15030
15030:C 01 Aug 2025 13:50:43.028 * DB saved on disk
15030:C 01 Aug 2025 13:50:43.029 * RDB: 0 MB of memory used by copy-on-write
1492:M 01 Aug 2025 13:50:43.119 * Background saving terminated with success
1682:C 02 Aug 2025 17:47:55.846 # oO0OoO0OoO0Oo Redis is starting oO0OoO0OoO0Oo
1682:C 02 Aug 2025 17:47:55.847 # Redis version=6.0.16, bits=64, commit=00000000, modified=0, pid=1682, just started
1682:C 02 Aug 2025 17:47:55.847 # Warning: no config file specified, using the default config. In order to specify a config file use redis-server /path/to/redis.conf
1682:M 02 Aug 2025 17:47:55.850 * Running mode=standalone, port=6379.
1682:M 02 Aug 2025 17:47:55.850 # Server initialized
1682:M 02 Aug 2025 17:47:55.850 # WARNING overcommit_memory is set to 0! Background save may fail under low memory condition. To fix this issue add 'vm.overcommit_memory = 1' to /etc/sysctl.conf and then reboot or run the command 'sysctl vm.overcommit_memory=1' for this to take effect.
1682:M 02 Aug 2025 17:47:55.852 * Loading RDB produced by version 6.0.16
1682:M 02 Aug 2025 17:47:55.852 * RDB age 100632 seconds
1682:M 02 Aug 2025 17:47:55.852 * RDB memory usage when created 0.78 Mb
1682:M 02 Aug 2025 17:47:55.853 * DB loaded from disk: 0.001 seconds
1682:M 02 Aug 2025 17:47:55.853 * Ready to accept connections
639:C 06 Aug 2025 12:59:01.520 # oO0OoO0OoO0Oo Redis is starting oO0OoO0OoO0Oo
639:C 06 Aug 2025 12:59:01.521 # Redis version=6.0.16, bits=64, commit=00000000, modified=0, pid=639, just started
639:C 06 Aug 2025 12:59:01.521 # Warning: no config file specified, using the default config. In order to specify a config file use redis-server /path/to/redis.conf
639:M 06 Aug 2025 12:59:01.524 * Running mode=standalone, port=6379.
639:M 06 Aug 2025 12:59:01.524 # Server initialized
639:M 06 Aug 2025 12:59:01.524 # WARNING overcommit_memory is set to 0! Background save may fail under low memory condition. To fix this issue add 'vm.overcommit_memory = 1' to /etc/sysctl.conf and then reboot or run the command 'sysctl vm.overcommit_memory=1' for this to take effect.
639:M 06 Aug 2025 12:59:01.526 * Loading RDB produced by version 6.0.16
639:M 06 Aug 2025 12:59:01.526 * RDB age 428898 seconds
639:M 06 Aug 2025 12:59:01.526 * RDB memory usage when created 0.78 Mb
639:M 06 Aug 2025 12:59:01.527 * DB loaded from disk: 0.002 seconds
639:M 06 Aug 2025 12:59:01.527 * Ready to accept connections
916:C 06 Aug 2025 14:21:45.008 # oO0OoO0OoO0Oo Redis is starting oO0OoO0OoO0Oo
916:C 06 Aug 2025 14:21:45.008 # Redis version=6.0.16, bits=64, commit=00000000, modified=0, pid=916, just started
916:C 06 Aug 2025 14:21:45.008 # Warning: no config file specified, using the default config. In order to specify a config file use redis-server /path/to/redis.conf
916:M 06 Aug 2025 14:21:45.012 * Running mode=standalone, port=6379.
916:M 06 Aug 2025 14:21:45.012 # Server initialized
916:M 06 Aug 2025 14:21:45.012 # WARNING overcommit_memory is set to 0! Background save may fail under low memory condition. To fix this issue add 'vm.overcommit_memory = 1' to /etc/sysctl.conf and then reboot or run the command 'sysctl vm.overcommit_memory=1' for this to take effect.
916:M 06 Aug 2025 14:21:45.014 * Loading RDB produced by version 6.0.16
916:M 06 Aug 2025 14:21:45.015 * RDB age 433862 seconds
916:M 06 Aug 2025 14:21:45.015 * RDB memory usage when created 0.78 Mb
916:M 06 Aug 2025 14:21:45.015 * DB loaded from disk: 0.002 seconds
916:M 06 Aug 2025 14:21:45.015 * Ready to accept connections
